// Jest Snapshot v1, https://goo.gl/fbAQLP

exports[`корректный рендеринг GameLayout 1`] = `
<div>
  <div>
    <canvas
      height="768"
      width="1024"
    />
  </div>
</div>
`;
